LTspice 26.0.2 for Windows
Circuit: C:\Users\alyss\OneDrive\Solar Car\Solar_Car_Simulation.net
Start Time: Fri Aug 21 13:57:16 2026
Options:abstol=1e-7
solver = Normal
Maximum thread count: 12
tnom = 27
temp = 27
method = Gear
abstol = 1e-07
Compress1stOrder = true
Compress2ndOrder = true
Direct Newton iteration succeeded in finding operating point.
Total elapsed time: 4.169 seconds.

Files loaded:
C:\Users\alyss\OneDrive\Solar Car\Solar_Car_Simulation.net
C:\Users\alyss\AppData\Local\LTspice\lib\cmp\standard.dio
C:\Users\alyss\AppData\Local\LTspice\lib\cmp\standard.mos
C:\Users\alyss\OneDrive\Solar Car\TL494_CEH.sub
C:\Users\alyss\AppData\Local\LTspice\lib\cmp\standard.bjt
C:\Users\alyss\OneDrive\Solar Car\UniversalOpamps2.sub

vout_avg: AVG(V(N002, N004) )=7.43126367405 FROM 0.002 TO 0.01
vripple: PP(V(N002, N004) )=1.62805800708 FROM 0.002 TO 0.01
ripple_pct: 100*Vripple/Vout_avg=21.908225552
vgs_avg: AVG(V(N008) )=7.49291913396 FROM 0.002 TO 0.01
vds_max: MAX(V(N004) )=15.4968214035 FROM 0.002 TO 0.01
vds_min: MIN(V(N004) )=0.00500117754564 FROM 0.002 TO 0.01
il_avg: AVG(I(L1) )=2.49449239008 FROM 0.002 TO 0.01
il_max: MAX(I(L1) )=3.73753666878 FROM 0.002 TO 0.01
il_min: MIN(I(L1) )=1.73674726486 FROM 0.002 TO 0.01
iout_avg: AVG(V(N002,N004)/3 )=2.46432187055 FROM 0.005 TO 0.01
